src/app/notes/page.tsx(313,51): error TS2339: Property 'folder' does not exist on type 'NoteFile'.
src/app/notes/page.tsx(315,59): error TS2339: Property 'folder' does not exist on type 'NoteFile'.
